<?xml version="1.0" encoding="utf-8"?><testsuites><testsuite name="pytest" errors="0" failures="0" skipped="0" tests="4" time="0.076" timestamp="2025-03-10T01:02:01.164395+00:00" hostname="ip-172-31-40-5"><testcase classname="test_dec2hex.TestDec2Hex" name="test_Dec2Hex_conversion" time="0.002" /><testcase classname="test_dec2hex.TestDec2Hex" name="test_invalid_input" time="0.001" /><testcase classname="test_dec2hex.TestDec2Hex" name="test_none_input" time="0.001" /><testcase classname="test_dec2hex.TestDec2Hex" name="test_zero" time="0.001" /></testsuite></testsuites>