<?xml version="1.0" encoding="utf-8"?><testsuites><testsuite name="pytest" errors="0" failures="0" skipped="0" tests="0" time="0.007" timestamp="2025-03-07T15:52:22.335032" hostname="ip-172-31-40-5" /></testsuites>